       Step     Time          Energy          fmax
LBFGS:    0 05:32:32     -184.687424        1.680689
LBFGS:    1 05:32:33     -184.888351        1.400591
LBFGS:    2 05:32:33     -185.177856        0.707936
LBFGS:    3 05:32:33     -185.325653        0.787392
LBFGS:    4 05:32:33     -185.377518        0.621312
LBFGS:    5 05:32:33     -185.436615        0.360336
LBFGS:    6 05:32:33     -185.469360        0.333914
LBFGS:    7 05:32:33     -185.485535        0.237103
LBFGS:    8 05:32:33     -185.490967        0.163398
LBFGS:    9 05:32:33     -185.493683        0.128977
LBFGS:   10 05:32:33     -185.495758        0.126295
LBFGS:   11 05:32:33     -185.498306        0.136702
LBFGS:   12 05:32:33     -185.501434        0.121074
LBFGS:   13 05:32:33     -185.504211        0.109305
LBFGS:   14 05:32:33     -185.505905        0.071802
LBFGS:   15 05:32:33     -185.506927        0.064888
LBFGS:   16 05:32:33     -185.507828        0.058859
LBFGS:   17 05:32:33     -185.508926        0.059997
LBFGS:   18 05:32:33     -185.510178        0.069298
LBFGS:   19 05:32:33     -185.511597        0.069870
LBFGS:   20 05:32:33     -185.512772        0.058407
LBFGS:   21 05:32:33     -185.513428        0.042855
LBFGS:   22 05:32:33     -185.513641        0.026228
