       Step     Time          Energy          fmax
LBFGS:    0 05:32:05     -652.784119        1.744483
LBFGS:    1 05:32:05     -654.559143        1.463277
LBFGS:    2 05:32:06     -656.879700        1.037499
LBFGS:    3 05:32:07     -657.820251        0.637838
LBFGS:    4 05:32:07     -658.096619        0.540289
LBFGS:    5 05:32:07     -658.444092        0.549700
LBFGS:    6 05:32:07     -658.681946        0.352084
LBFGS:    7 05:32:07     -658.796692        0.338754
LBFGS:    8 05:32:07     -658.876343        0.319882
LBFGS:    9 05:32:07     -658.944153        0.210683
LBFGS:   10 05:32:07     -658.993103        0.169441
LBFGS:   11 05:32:07     -659.023193        0.163535
LBFGS:   12 05:32:07     -659.044556        0.171643
LBFGS:   13 05:32:07     -659.062988        0.153984
LBFGS:   14 05:32:07     -659.076050        0.118126
LBFGS:   15 05:32:07     -659.084473        0.083206
LBFGS:   16 05:32:07     -659.091187        0.090678
LBFGS:   17 05:32:07     -659.096619        0.070852
LBFGS:   18 05:32:07     -659.100708        0.068629
LBFGS:   19 05:32:07     -659.103088        0.065745
LBFGS:   20 05:32:07     -659.105286        0.048848
LBFGS:   21 05:32:07     -659.106628        0.033461
LBFGS:   22 05:32:07     -659.107849        0.031740
LBFGS:   23 05:32:07     -659.109070        0.035648
LBFGS:   24 05:32:07     -659.109741        0.027270
